2752
70
210
5648
3079
537
1597
2983
1728
3369
2447
16
2711
4
13
1273
0
2902
1622
935
4352
570
3389
6748
12
3596
2354